// Jest Snapshot v1, https://goo.gl/fbAQLP

exports[`should match snapshot 1`] = `
<DocumentFragment>
  .c0 {
  width: 16px;
  height: auto;
}

<img
    class="c0"
    size="2"
  />
  <div
    class="Toastify"
  />
  <div
    id="modal"
  />
</DocumentFragment>
`;
