// Jest Snapshot v1, https://goo.gl/fbAQLP

exports[`should match snapshot 1`] = `
<DocumentFragment>
  <button
    class="MuiButtonBase-root MuiButton-root MuiButton-contained MuiButton-containedPrimary"
    tabindex="0"
    type="button"
  >
    <span
      class="MuiButton-label"
    >
      Test button
    </span>
    <span
      class="MuiTouchRipple-root"
    />
  </button>
  <div
    class="Toastify"
  />
</DocumentFragment>
`;
