// Jest Snapshot v1, https://goo.gl/fbAQLP

exports[`should match snapshot 1`] = `
<DocumentFragment>
  .c0 {
  margin: 0;
  cursor: pointer;
}

<img
    alt="Severino"
    class="c0"
    src="[object Object]"
  />
  <div
    class="Toastify"
  />
  <div
    id="modal"
  />
</DocumentFragment>
`;
