// Jest Snapshot v1, https://goo.gl/fbAQLP

exports[`should match snapshot 1`] = `
<DocumentFragment>
  .c2 {
  margin: 0;
  cursor: pointer;
}

.c1 {
  background-color: #FFFFFF;
  border-bottom: 1px solid #DDDDDD;
  box-shadow: 0px 1px 4px rgba(0,0,0,0.25);
}

.c3 {
  -webkit-box-flex: 1;
  -webkit-flex-grow: 1;
  -ms-flex-positive: 1;
  flex-grow: 1;
}

.c0 {
  width: 100%;
  height: 100vh;
  display: -webkit-box;
  display: -webkit-flex;
  display: -ms-flexbox;
  display: flex;
  -webkit-flex-direction: column;
  -ms-flex-direction: column;
  flex-direction: column;
}

.c4 {
  -webkit-box-flex: 1;
  -webkit-flex-grow: 1;
  -ms-flex-positive: 1;
  flex-grow: 1;
  margin-top: 80px;
}

<div
    class="c0"
  >
    <header
      class="MuiPaper-root MuiAppBar-root MuiAppBar-positionStatic MuiAppBar-colorDefault c1 MuiPaper-elevation2"
    >
      <div
        class="MuiContainer-root MuiContainer-maxWidthXl"
      >
        <div
          class="MuiToolbar-root MuiToolbar-regular MuiToolbar-gutters"
        >
          <img
            alt="Severino"
            class="c2"
            data-testid="brand"
            src="[object Object]"
          />
          <div
            class="c3"
          />
          <a
            aria-disabled="false"
            class="MuiButtonBase-root MuiButton-root MuiButton-text MuiButton-colorInherit"
            href="/login"
            role="button"
            tabindex="0"
          >
            <span
              class="MuiButton-label"
            >
              Login
            </span>
            <span
              class="MuiTouchRipple-root"
            />
          </a>
          <a
            aria-disabled="false"
            class="MuiButtonBase-root MuiButton-root MuiButton-text MuiButton-colorInherit"
            href="/sign-up"
            role="button"
            tabindex="0"
          >
            <span
              class="MuiButton-label"
            >
              Cadastre-se
            </span>
            <span
              class="MuiTouchRipple-root"
            />
          </a>
        </div>
      </div>
    </header>
    <main
      class="c4"
    >
      <div>
        Test
      </div>
    </main>
  </div>
</DocumentFragment>
`;
